EN singlepulsegen NULL C:/Users/sab/Desktop/ACE203Labs/lab2/lab2_2/singlepulsegen.vhd sub00/vhpl00 1489671355
AR singlepulsegen behavioral C:/Users/sab/Desktop/ACE203Labs/lab2/lab2_2/singlepulsegen.vhd sub00/vhpl01 1489671356
AR topfsm behavioral C:/Users/sab/Desktop/ACE203Labs/lab2/lab2_2/TopFsm.vhd sub00/vhpl05 1489671360
AR fsm behavioral C:/Users/sab/Desktop/ACE203Labs/lab2/lab2_2/Fsm.vhd sub00/vhpl03 1489671358
EN fsm NULL C:/Users/sab/Desktop/ACE203Labs/lab2/lab2_2/Fsm.vhd sub00/vhpl02 1489671357
EN topfsm NULL C:/Users/sab/Desktop/ACE203Labs/lab2/lab2_2/TopFsm.vhd sub00/vhpl04 1489671359
