V3 11
FL C:/Users/sab/Desktop/ACE203Labs/lab2/lab2_2/Fsm.vhd 2017/03/13.23:28:55 O.87xd
EN work/Fsm 1489671357 FL C:/Users/sab/Desktop/ACE203Labs/lab2/lab2_2/Fsm.vhd \
      PB ieee/std_logic_1164 1325952872
AR work/Fsm/Behavioral 1489671358 \
      FL C:/Users/sab/Desktop/ACE203Labs/lab2/lab2_2/Fsm.vhd EN work/Fsm 1489671357
FL C:/Users/sab/Desktop/ACE203Labs/lab2/lab2_2/singlepulsegen.vhd 2017/03/06.18:28:46 O.87xd
EN work/singlepulsegen 1489671355 \
      FL C:/Users/sab/Desktop/ACE203Labs/lab2/lab2_2/singlepulsegen.vhd \
      PB ieee/std_logic_1164 1325952872 PB ieee/std_logic_arith 1325952873 \
      PB ieee/STD_LOGIC_UNSIGNED 1325952875
AR work/singlepulsegen/behavioral 1489671356 \
      FL C:/Users/sab/Desktop/ACE203Labs/lab2/lab2_2/singlepulsegen.vhd \
      EN work/singlepulsegen 1489671355
FL C:/Users/sab/Desktop/ACE203Labs/lab2/lab2_2/TopFsm.vhd 2017/03/13.23:33:31 O.87xd
EN work/TopFsm 1489671359 \
      FL C:/Users/sab/Desktop/ACE203Labs/lab2/lab2_2/TopFsm.vhd \
      PB ieee/std_logic_1164 1325952872
AR work/TopFsm/Behavioral 1489671360 \
      FL C:/Users/sab/Desktop/ACE203Labs/lab2/lab2_2/TopFsm.vhd EN work/TopFsm 1489671359 \
      CP singlepulsegen CP Fsm
